<?xml version="1.0"?>
<link_info>
   <banner>TI ARM Linker Unix v5.1.1</banner>
   <copyright>Copyright (c) 1996-2013 Texas Instruments Incorporated</copyright>
   <link_time>0x528c7c6d</link_time>
   <link_errors>0x0</link_errors>
   <output_file>project1.out</output_file>
   <entry_point>
      <name>_c_int00</name>
      <address>0x2f4</address>
   </entry_point>
   <input_file_list>
      <input_file id="fl-2">
         <path>./</path>
         <kind>object</kind>
         <file>main.obj</file>
         <name>main.obj</name>
      </input_file>
      <input_file id="fl-12e">
         <path>/opt/ti/ccsv5/tools/compiler/arm_5.1.1/lib/</path>
         <kind>archive</kind>
         <file>rtsv6_A_be_tiarm9.lib</file>
         <name>boot.obj</name>
      </input_file>
      <input_file id="fl-12f">
         <path>/opt/ti/ccsv5/tools/compiler/arm_5.1.1/lib/</path>
         <kind>archive</kind>
         <file>rtsv6_A_be_tiarm9.lib</file>
         <name>copy_decompress_none.obj</name>
      </input_file>
      <input_file id="fl-130">
         <path>/opt/ti/ccsv5/tools/compiler/arm_5.1.1/lib/</path>
         <kind>archive</kind>
         <file>rtsv6_A_be_tiarm9.lib</file>
         <name>copy_decompress_rle.obj</name>
      </input_file>
      <input_file id="fl-131">
         <path>/opt/ti/ccsv5/tools/compiler/arm_5.1.1/lib/</path>
         <kind>archive</kind>
         <file>rtsv6_A_be_tiarm9.lib</file>
         <name>copy_zero_init.obj</name>
      </input_file>
      <input_file id="fl-132">
         <path>/opt/ti/ccsv5/tools/compiler/arm_5.1.1/lib/</path>
         <kind>archive</kind>
         <file>rtsv6_A_be_tiarm9.lib</file>
         <name>exit.obj</name>
      </input_file>
      <input_file id="fl-133">
         <path>/opt/ti/ccsv5/tools/compiler/arm_5.1.1/lib/</path>
         <kind>archive</kind>
         <file>rtsv6_A_be_tiarm9.lib</file>
         <name>memcpy32.obj</name>
      </input_file>
      <input_file id="fl-134">
         <path>/opt/ti/ccsv5/tools/compiler/arm_5.1.1/lib/</path>
         <kind>archive</kind>
         <file>rtsv6_A_be_tiarm9.lib</file>
         <name>stkdepth_vars.obj</name>
      </input_file>
      <input_file id="fl-135">
         <path>/opt/ti/ccsv5/tools/compiler/arm_5.1.1/lib/</path>
         <kind>archive</kind>
         <file>rtsv6_A_be_tiarm9.lib</file>
         <name>_lock.obj</name>
      </input_file>
      <input_file id="fl-136">
         <path>/opt/ti/ccsv5/tools/compiler/arm_5.1.1/lib/</path>
         <kind>archive</kind>
         <file>rtsv6_A_be_tiarm9.lib</file>
         <name>args_main.obj</name>
      </input_file>
      <input_file id="fl-137">
         <path>/opt/ti/ccsv5/tools/compiler/arm_5.1.1/lib/</path>
         <kind>archive</kind>
         <file>rtsv6_A_be_tiarm9.lib</file>
         <name>auto_init.obj</name>
      </input_file>
      <input_file id="fl-138">
         <path>/opt/ti/ccsv5/tools/compiler/arm_5.1.1/lib/</path>
         <kind>archive</kind>
         <file>rtsv6_A_be_tiarm9.lib</file>
         <name>cpy_tbl.obj</name>
      </input_file>
   </input_file_list>
   <object_component_list>
      <object_component id="oc-3d">
         <name>.text</name>
         <load_address>0x0</load_address>
         <run_address>0x0</run_address>
         <size>0x180</size>
         <input_file_ref idref="fl-133"/>
      </object_component>
      <object_component id="oc-30">
         <name>.text</name>
         <load_address>0x180</load_address>
         <run_address>0x180</run_address>
         <size>0xa8</size>
         <input_file_ref idref="fl-137"/>
      </object_component>
      <object_component id="oc-39">
         <name>.text</name>
         <load_address>0x228</load_address>
         <run_address>0x228</run_address>
         <size>0x78</size>
         <input_file_ref idref="fl-132"/>
      </object_component>
      <object_component id="oc-3b">
         <name>.text</name>
         <load_address>0x2a0</load_address>
         <run_address>0x2a0</run_address>
         <size>0x54</size>
         <input_file_ref idref="fl-138"/>
      </object_component>
      <object_component id="oc-2">
         <name>.text</name>
         <load_address>0x2f4</load_address>
         <run_address>0x2f4</run_address>
         <size>0x44</size>
         <input_file_ref idref="fl-12e"/>
      </object_component>
      <object_component id="oc-3a">
         <name>.text</name>
         <load_address>0x338</load_address>
         <run_address>0x338</run_address>
         <size>0x24</size>
         <input_file_ref idref="fl-135"/>
      </object_component>
      <object_component id="oc-38">
         <name>.text</name>
         <load_address>0x35c</load_address>
         <run_address>0x35c</run_address>
         <size>0x20</size>
         <input_file_ref idref="fl-136"/>
      </object_component>
      <object_component id="oc-3c">
         <name>.text</name>
         <load_address>0x37c</load_address>
         <run_address>0x37c</run_address>
         <size>0x8</size>
         <input_file_ref idref="fl-2"/>
      </object_component>
      <object_component id="oc-7">
         <name>.bss</name>
         <uninitialized>true</uninitialized>
         <run_address>0x3d0</run_address>
         <size>0x4</size>
         <input_file_ref idref="fl-12e"/>
      </object_component>
      <object_component id="oc-19">
         <name>.bss</name>
         <uninitialized>true</uninitialized>
         <run_address>0x3c8</run_address>
         <size>0x8</size>
         <input_file_ref idref="fl-132"/>
      </object_component>
      <object_component id="oc-22">
         <name>.bss</name>
         <uninitialized>true</uninitialized>
         <run_address>0x3d4</run_address>
         <size>0x4</size>
         <input_file_ref idref="fl-134"/>
      </object_component>
      <object_component id="oc-26">
         <name>.bss</name>
         <uninitialized>true</uninitialized>
         <run_address>0x3c0</run_address>
         <size>0x8</size>
         <input_file_ref idref="fl-135"/>
      </object_component>
      <object_component id="oc-28">
         <name>.cinit</name>
         <load_address>0x384</load_address>
         <run_address>0x384</run_address>
         <size>0x10</size>
         <input_file_ref idref="fl-135"/>
      </object_component>
      <object_component id="oc-1b">
         <name>.cinit</name>
         <load_address>0x394</load_address>
         <run_address>0x394</run_address>
         <size>0x10</size>
         <input_file_ref idref="fl-132"/>
      </object_component>
      <object_component id="oc-9">
         <name>.cinit</name>
         <load_address>0x3a4</load_address>
         <run_address>0x3a4</run_address>
         <size>0xc</size>
         <input_file_ref idref="fl-12e"/>
      </object_component>
      <object_component id="oc-24">
         <name>.cinit</name>
         <load_address>0x3b0</load_address>
         <run_address>0x3b0</run_address>
         <size>0xc</size>
         <input_file_ref idref="fl-134"/>
      </object_component>
      <object_component id="oc-3">
         <name>.debug_info</name>
         <load_address>0x0</load_address>
         <run_address>0x0</run_address>
         <size>0x223</size>
         <input_file_ref idref="fl-2"/>
      </object_component>
      <object_component id="oc-a">
         <name>.debug_info</name>
         <load_address>0x223</load_address>
         <run_address>0x223</run_address>
         <size>0xe6</size>
         <input_file_ref idref="fl-12e"/>
      </object_component>
      <object_component id="oc-d">
         <name>.debug_info</name>
         <load_address>0x309</load_address>
         <run_address>0x309</run_address>
         <size>0x269</size>
         <input_file_ref idref="fl-12f"/>
      </object_component>
      <object_component id="oc-11">
         <name>.debug_info</name>
         <load_address>0x572</load_address>
         <run_address>0x572</run_address>
         <size>0x219</size>
         <input_file_ref idref="fl-130"/>
      </object_component>
      <object_component id="oc-15">
         <name>.debug_info</name>
         <load_address>0x78b</load_address>
         <run_address>0x78b</run_address>
         <size>0x22f</size>
         <input_file_ref idref="fl-131"/>
      </object_component>
      <object_component id="oc-1a">
         <name>.debug_info</name>
         <load_address>0x9ba</load_address>
         <run_address>0x9ba</run_address>
         <size>0x3ee</size>
         <input_file_ref idref="fl-132"/>
      </object_component>
      <object_component id="oc-1f">
         <name>.debug_info</name>
         <load_address>0xda8</load_address>
         <run_address>0xda8</run_address>
         <size>0x12c</size>
         <input_file_ref idref="fl-133"/>
      </object_component>
      <object_component id="oc-23">
         <name>.debug_info</name>
         <load_address>0xed4</load_address>
         <run_address>0xed4</run_address>
         <size>0x1f1</size>
         <input_file_ref idref="fl-134"/>
      </object_component>
      <object_component id="oc-27">
         <name>.debug_info</name>
         <load_address>0x10c5</load_address>
         <run_address>0x10c5</run_address>
         <size>0x376</size>
         <input_file_ref idref="fl-135"/>
      </object_component>
      <object_component id="oc-2c">
         <name>.debug_info</name>
         <load_address>0x143b</load_address>
         <run_address>0x143b</run_address>
         <size>0x2f6</size>
         <input_file_ref idref="fl-136"/>
      </object_component>
      <object_component id="oc-31">
         <name>.debug_info</name>
         <load_address>0x1731</load_address>
         <run_address>0x1731</run_address>
         <size>0x138</size>
         <input_file_ref idref="fl-137"/>
      </object_component>
      <object_component id="oc-34">
         <name>.debug_info</name>
         <load_address>0x1869</load_address>
         <run_address>0x1869</run_address>
         <size>0x371</size>
         <input_file_ref idref="fl-138"/>
      </object_component>
      <object_component id="oc-59">
         <name>.debug_info</name>
         <load_address>0x1bda</load_address>
         <run_address>0x1bda</run_address>
         <size>0x6c</size>
      </object_component>
      <object_component id="oc-4">
         <name>.debug_frame</name>
         <load_address>0x0</load_address>
         <run_address>0x0</run_address>
         <size>0x4a</size>
         <input_file_ref idref="fl-2"/>
      </object_component>
      <object_component id="oc-e">
         <name>.debug_frame</name>
         <load_address>0x4a</load_address>
         <run_address>0x4a</run_address>
         <size>0x36</size>
         <input_file_ref idref="fl-12f"/>
      </object_component>
      <object_component id="oc-12">
         <name>.debug_frame</name>
         <load_address>0x80</load_address>
         <run_address>0x80</run_address>
         <size>0x36</size>
         <input_file_ref idref="fl-130"/>
      </object_component>
      <object_component id="oc-16">
         <name>.debug_frame</name>
         <load_address>0xb6</load_address>
         <run_address>0xb6</run_address>
         <size>0x36</size>
         <input_file_ref idref="fl-131"/>
      </object_component>
      <object_component id="oc-1c">
         <name>.debug_frame</name>
         <load_address>0xec</load_address>
         <run_address>0xec</run_address>
         <size>0x7e</size>
         <input_file_ref idref="fl-132"/>
      </object_component>
      <object_component id="oc-29">
         <name>.debug_frame</name>
         <load_address>0x16a</load_address>
         <run_address>0x16a</run_address>
         <size>0x72</size>
         <input_file_ref idref="fl-135"/>
      </object_component>
      <object_component id="oc-2d">
         <name>.debug_frame</name>
         <load_address>0x1dc</load_address>
         <run_address>0x1dc</run_address>
         <size>0x4a</size>
         <input_file_ref idref="fl-136"/>
      </object_component>
      <object_component id="oc-35">
         <name>.debug_frame</name>
         <load_address>0x226</load_address>
         <run_address>0x226</run_address>
         <size>0x53</size>
         <input_file_ref idref="fl-138"/>
      </object_component>
      <object_component id="oc-5">
         <name>.debug_line</name>
         <load_address>0x0</load_address>
         <run_address>0x0</run_address>
         <size>0x3d</size>
         <input_file_ref idref="fl-2"/>
      </object_component>
      <object_component id="oc-b">
         <name>.debug_line</name>
         <load_address>0x3d</load_address>
         <run_address>0x3d</run_address>
         <size>0x44</size>
         <input_file_ref idref="fl-12e"/>
      </object_component>
      <object_component id="oc-f">
         <name>.debug_line</name>
         <load_address>0x81</load_address>
         <run_address>0x81</run_address>
         <size>0x34</size>
         <input_file_ref idref="fl-12f"/>
      </object_component>
      <object_component id="oc-13">
         <name>.debug_line</name>
         <load_address>0xb5</load_address>
         <run_address>0xb5</run_address>
         <size>0x33</size>
         <input_file_ref idref="fl-130"/>
      </object_component>
      <object_component id="oc-17">
         <name>.debug_line</name>
         <load_address>0xe8</load_address>
         <run_address>0xe8</run_address>
         <size>0x2e</size>
         <input_file_ref idref="fl-131"/>
      </object_component>
      <object_component id="oc-1d">
         <name>.debug_line</name>
         <load_address>0x116</load_address>
         <run_address>0x116</run_address>
         <size>0x77</size>
         <input_file_ref idref="fl-132"/>
      </object_component>
      <object_component id="oc-20">
         <name>.debug_line</name>
         <load_address>0x18d</load_address>
         <run_address>0x18d</run_address>
         <size>0x97</size>
         <input_file_ref idref="fl-133"/>
      </object_component>
      <object_component id="oc-2a">
         <name>.debug_line</name>
         <load_address>0x224</load_address>
         <run_address>0x224</run_address>
         <size>0x5b</size>
         <input_file_ref idref="fl-135"/>
      </object_component>
      <object_component id="oc-2e">
         <name>.debug_line</name>
         <load_address>0x27f</load_address>
         <run_address>0x27f</run_address>
         <size>0x4b</size>
         <input_file_ref idref="fl-136"/>
      </object_component>
      <object_component id="oc-32">
         <name>.debug_line</name>
         <load_address>0x2ca</load_address>
         <run_address>0x2ca</run_address>
         <size>0x72</size>
         <input_file_ref idref="fl-137"/>
      </object_component>
      <object_component id="oc-36">
         <name>.debug_line</name>
         <load_address>0x33c</load_address>
         <run_address>0x33c</run_address>
         <size>0x48</size>
         <input_file_ref idref="fl-138"/>
      </object_component>
      <object_component id="oc-6">
         <name>.debug_abbrev</name>
         <load_address>0x0</load_address>
         <run_address>0x0</run_address>
         <size>0x5c</size>
         <input_file_ref idref="fl-2"/>
      </object_component>
      <object_component id="oc-c">
         <name>.debug_abbrev</name>
         <load_address>0x5c</load_address>
         <run_address>0x5c</run_address>
         <size>0x37</size>
         <input_file_ref idref="fl-12e"/>
      </object_component>
      <object_component id="oc-10">
         <name>.debug_abbrev</name>
         <load_address>0x93</load_address>
         <run_address>0x93</run_address>
         <size>0xbc</size>
         <input_file_ref idref="fl-12f"/>
      </object_component>
      <object_component id="oc-14">
         <name>.debug_abbrev</name>
         <load_address>0x14f</load_address>
         <run_address>0x14f</run_address>
         <size>0xcb</size>
         <input_file_ref idref="fl-130"/>
      </object_component>
      <object_component id="oc-18">
         <name>.debug_abbrev</name>
         <load_address>0x21a</load_address>
         <run_address>0x21a</run_address>
         <size>0x94</size>
         <input_file_ref idref="fl-131"/>
      </object_component>
      <object_component id="oc-1e">
         <name>.debug_abbrev</name>
         <load_address>0x2ae</load_address>
         <run_address>0x2ae</run_address>
         <size>0x11a</size>
         <input_file_ref idref="fl-132"/>
      </object_component>
      <object_component id="oc-21">
         <name>.debug_abbrev</name>
         <load_address>0x3c8</load_address>
         <run_address>0x3c8</run_address>
         <size>0x45</size>
         <input_file_ref idref="fl-133"/>
      </object_component>
      <object_component id="oc-25">
         <name>.debug_abbrev</name>
         <load_address>0x40d</load_address>
         <run_address>0x40d</run_address>
         <size>0x35</size>
         <input_file_ref idref="fl-134"/>
      </object_component>
      <object_component id="oc-2b">
         <name>.debug_abbrev</name>
         <load_address>0x442</load_address>
         <run_address>0x442</run_address>
         <size>0xb9</size>
         <input_file_ref idref="fl-135"/>
      </object_component>
      <object_component id="oc-2f">
         <name>.debug_abbrev</name>
         <load_address>0x4fb</load_address>
         <run_address>0x4fb</run_address>
         <size>0xdb</size>
         <input_file_ref idref="fl-136"/>
      </object_component>
      <object_component id="oc-33">
         <name>.debug_abbrev</name>
         <load_address>0x5d6</load_address>
         <run_address>0x5d6</run_address>
         <size>0x7a</size>
         <input_file_ref idref="fl-137"/>
      </object_component>
      <object_component id="oc-37">
         <name>.debug_abbrev</name>
         <load_address>0x650</load_address>
         <run_address>0x650</run_address>
         <size>0xf0</size>
         <input_file_ref idref="fl-138"/>
      </object_component>
      <object_component id="oc-5a">
         <name>.debug_abbrev</name>
         <load_address>0x740</load_address>
         <run_address>0x740</run_address>
         <size>0xd</size>
      </object_component>
      <object_component id="oc-8">
         <name>.stack</name>
         <uninitialized>true</uninitialized>
         <run_address>0x3d8</run_address>
         <size>0x0</size>
         <input_file_ref idref="fl-12e"/>
      </object_component>
      <object_component id="oc-55">
         <name>.stack</name>
         <uninitialized>true</uninitialized>
         <run_address>0x3d8</run_address>
         <size>0x0</size>
      </object_component>
   </object_component_list>
   <logical_group_list>
      <logical_group id="lg-3e" display="no" color="cyan">
         <name>.text</name>
         <load_address>0x0</load_address>
         <run_address>0x0</run_address>
         <size>0x384</size>
         <contents>
            <object_component_ref idref="oc-3d"/>
            <object_component_ref idref="oc-30"/>
            <object_component_ref idref="oc-39"/>
            <object_component_ref idref="oc-3b"/>
            <object_component_ref idref="oc-2"/>
            <object_component_ref idref="oc-3a"/>
            <object_component_ref idref="oc-38"/>
            <object_component_ref idref="oc-3c"/>
         </contents>
      </logical_group>
      <logical_group id="lg-3f" display="no" color="cyan">
         <name>.const</name>
         <run_address>0x0</run_address>
         <size>0x0</size>
         <contents>
         </contents>
      </logical_group>
      <logical_group id="lg-40" display="no" color="cyan">
         <name>.data</name>
         <run_address>0x0</run_address>
         <size>0x0</size>
         <contents>
         </contents>
      </logical_group>
      <logical_group id="lg-41" display="no" color="cyan">
         <name>.bss</name>
         <run_address>0x3c0</run_address>
         <size>0x18</size>
         <contents>
            <object_component_ref idref="oc-7"/>
            <object_component_ref idref="oc-19"/>
            <object_component_ref idref="oc-22"/>
            <object_component_ref idref="oc-26"/>
         </contents>
      </logical_group>
      <logical_group id="lg-42" display="no" color="cyan">
         <name>.cinit</name>
         <load_address>0x384</load_address>
         <run_address>0x384</run_address>
         <size>0x3c</size>
         <contents>
            <object_component_ref idref="oc-28"/>
            <object_component_ref idref="oc-1b"/>
            <object_component_ref idref="oc-9"/>
            <object_component_ref idref="oc-24"/>
         </contents>
      </logical_group>
      <logical_group id="lg-43" display="no" color="cyan">
         <name>.pinit</name>
         <run_address>0x0</run_address>
         <size>0x0</size>
         <contents>
         </contents>
      </logical_group>
      <logical_group id="lg-4a" display="never" color="cyan">
         <name>.debug_info</name>
         <load_address>0x0</load_address>
         <run_address>0x0</run_address>
         <size>0x1c46</size>
         <contents>
            <object_component_ref idref="oc-3"/>
            <object_component_ref idref="oc-a"/>
            <object_component_ref idref="oc-d"/>
            <object_component_ref idref="oc-11"/>
            <object_component_ref idref="oc-15"/>
            <object_component_ref idref="oc-1a"/>
            <object_component_ref idref="oc-1f"/>
            <object_component_ref idref="oc-23"/>
            <object_component_ref idref="oc-27"/>
            <object_component_ref idref="oc-2c"/>
            <object_component_ref idref="oc-31"/>
            <object_component_ref idref="oc-34"/>
            <object_component_ref idref="oc-59"/>
         </contents>
      </logical_group>
      <logical_group id="lg-4c" display="never" color="cyan">
         <name>.debug_frame</name>
         <load_address>0x0</load_address>
         <run_address>0x0</run_address>
         <size>0x279</size>
         <contents>
            <object_component_ref idref="oc-4"/>
            <object_component_ref idref="oc-e"/>
            <object_component_ref idref="oc-12"/>
            <object_component_ref idref="oc-16"/>
            <object_component_ref idref="oc-1c"/>
            <object_component_ref idref="oc-29"/>
            <object_component_ref idref="oc-2d"/>
            <object_component_ref idref="oc-35"/>
         </contents>
      </logical_group>
      <logical_group id="lg-4e" display="never" color="cyan">
         <name>.debug_line</name>
         <load_address>0x0</load_address>
         <run_address>0x0</run_address>
         <size>0x384</size>
         <contents>
            <object_component_ref idref="oc-5"/>
            <object_component_ref idref="oc-b"/>
            <object_component_ref idref="oc-f"/>
            <object_component_ref idref="oc-13"/>
            <object_component_ref idref="oc-17"/>
            <object_component_ref idref="oc-1d"/>
            <object_component_ref idref="oc-20"/>
            <object_component_ref idref="oc-2a"/>
            <object_component_ref idref="oc-2e"/>
            <object_component_ref idref="oc-32"/>
            <object_component_ref idref="oc-36"/>
         </contents>
      </logical_group>
      <logical_group id="lg-50" display="never" color="cyan">
         <name>.debug_abbrev</name>
         <load_address>0x0</load_address>
         <run_address>0x0</run_address>
         <size>0x74d</size>
         <contents>
            <object_component_ref idref="oc-6"/>
            <object_component_ref idref="oc-c"/>
            <object_component_ref idref="oc-10"/>
            <object_component_ref idref="oc-14"/>
            <object_component_ref idref="oc-18"/>
            <object_component_ref idref="oc-1e"/>
            <object_component_ref idref="oc-21"/>
            <object_component_ref idref="oc-25"/>
            <object_component_ref idref="oc-2b"/>
            <object_component_ref idref="oc-2f"/>
            <object_component_ref idref="oc-33"/>
            <object_component_ref idref="oc-37"/>
            <object_component_ref idref="oc-5a"/>
         </contents>
      </logical_group>
      <logical_group id="lg-52" display="no" color="cyan">
         <name>.stack</name>
         <run_address>0x3d8</run_address>
         <size>0x800</size>
         <contents>
            <object_component_ref idref="oc-8"/>
            <object_component_ref idref="oc-55"/>
         </contents>
      </logical_group>
   </logical_group_list>
   <placement_map>
      <memory_area display="yes" color="green">
         <name>RAM</name>
         <page_id>0x0</page_id>
         <origin>0x0</origin>
         <length>0xffffffff</length>
         <used_space>0xbd8</used_space>
         <unused_space>0xfffff427</unused_space>
         <attributes>RWIX</attributes>
         <usage_details>
            <allocated_space>
               <start_address>0x0</start_address>
               <size>0x0</size>
               <logical_group_ref idref="lg-40"/>
            </allocated_space>
            <allocated_space>
               <start_address>0x0</start_address>
               <size>0x384</size>
               <logical_group_ref idref="lg-3e"/>
            </allocated_space>
            <allocated_space>
               <start_address>0x384</start_address>
               <size>0x3c</size>
               <logical_group_ref idref="lg-42"/>
            </allocated_space>
            <allocated_space>
               <start_address>0x3c0</start_address>
               <size>0x18</size>
               <logical_group_ref idref="lg-41"/>
            </allocated_space>
            <allocated_space>
               <start_address>0x3d8</start_address>
               <size>0x800</size>
               <logical_group_ref idref="lg-52"/>
            </allocated_space>
            <available_space>
               <start_address>0xbd8</start_address>
               <size>0xfffff427</size>
            </available_space>
         </usage_details>
      </memory_area>
   </placement_map>
   <symbol_table>
      <symbol id="sm-0">
         <name>cinit</name>
         <value>0x384</value>
      </symbol>
      <symbol id="sm-1">
         <name>___cinit__</name>
         <value>0x384</value>
      </symbol>
      <symbol id="sm-2">
         <name>pinit</name>
         <value>0xffffffff</value>
      </symbol>
      <symbol id="sm-3">
         <name>___pinit__</name>
         <value>0xffffffff</value>
      </symbol>
      <symbol id="sm-4">
         <name>binit</name>
         <value>0xffffffff</value>
      </symbol>
      <symbol id="sm-5">
         <name>___binit__</name>
         <value>0xffffffff</value>
      </symbol>
      <symbol id="sm-6">
         <name>__STACK_SIZE</name>
         <value>0x800</value>
      </symbol>
      <symbol id="sm-7">
         <name>__STACK_END</name>
         <value>0xbd8</value>
      </symbol>
      <symbol id="sm-8">
         <name>___c_args__</name>
         <value>0xffffffff</value>
      </symbol>
      <symbol id="sm-9">
         <name>.text</name>
         <value>0x0</value>
      </symbol>
      <symbol id="sm-a">
         <name>___text__</name>
         <value>0x0</value>
      </symbol>
      <symbol id="sm-b">
         <name>etext</name>
         <value>0x384</value>
      </symbol>
      <symbol id="sm-c">
         <name>___etext__</name>
         <value>0x384</value>
      </symbol>
      <symbol id="sm-d">
         <name>.data</name>
         <value>0x0</value>
      </symbol>
      <symbol id="sm-e">
         <name>___data__</name>
         <value>0x0</value>
      </symbol>
      <symbol id="sm-f">
         <name>edata</name>
         <value>0x0</value>
      </symbol>
      <symbol id="sm-10">
         <name>___edata__</name>
         <value>0x0</value>
      </symbol>
      <symbol id="sm-11">
         <name>.bss</name>
         <value>0x3c0</value>
      </symbol>
      <symbol id="sm-12">
         <name>___bss__</name>
         <value>0x3c0</value>
      </symbol>
      <symbol id="sm-13">
         <name>end</name>
         <value>0x3d8</value>
      </symbol>
      <symbol id="sm-14">
         <name>___end__</name>
         <value>0x3d8</value>
      </symbol>
      <symbol id="sm-36">
         <name>_main</name>
         <value>0x37c</value>
         <object_component_ref idref="oc-3c"/>
      </symbol>
      <symbol id="sm-4c">
         <name>_c_int00</name>
         <value>0x2f4</value>
         <object_component_ref idref="oc-2"/>
      </symbol>
      <symbol id="sm-4d">
         <name>__stack</name>
         <value>0x3d8</value>
         <object_component_ref idref="oc-8"/>
      </symbol>
      <symbol id="sm-4e">
         <name>_stkchk_called</name>
         <value>0x3d0</value>
         <object_component_ref idref="oc-7"/>
      </symbol>
      <symbol id="sm-82">
         <name>C$$EXIT</name>
         <value>0x228</value>
         <object_component_ref idref="oc-39"/>
      </symbol>
      <symbol id="sm-83">
         <name>_exit</name>
         <value>0x23c</value>
         <object_component_ref idref="oc-39"/>
      </symbol>
      <symbol id="sm-84">
         <name>___TI_cleanup_ptr</name>
         <value>0x3c8</value>
         <object_component_ref idref="oc-19"/>
      </symbol>
      <symbol id="sm-85">
         <name>_abort</name>
         <value>0x230</value>
         <object_component_ref idref="oc-39"/>
      </symbol>
      <symbol id="sm-86">
         <name>___TI_dtors_ptr</name>
         <value>0x3cc</value>
         <object_component_ref idref="oc-19"/>
      </symbol>
      <symbol id="sm-a0">
         <name>C_MEMCPY</name>
         <value>0x0</value>
         <object_component_ref idref="oc-3d"/>
      </symbol>
      <symbol id="sm-ab">
         <name>_main_func_sp</name>
         <value>0x3d4</value>
         <object_component_ref idref="oc-22"/>
      </symbol>
      <symbol id="sm-c4">
         <name>__unlock</name>
         <value>0x3c4</value>
         <object_component_ref idref="oc-26"/>
      </symbol>
      <symbol id="sm-c5">
         <name>__lock</name>
         <value>0x3c0</value>
         <object_component_ref idref="oc-26"/>
      </symbol>
      <symbol id="sm-c6">
         <name>__register_lock</name>
         <value>0x344</value>
         <object_component_ref idref="oc-3a"/>
      </symbol>
      <symbol id="sm-c7">
         <name>__nop</name>
         <value>0x350</value>
         <object_component_ref idref="oc-3a"/>
      </symbol>
      <symbol id="sm-c8">
         <name>__register_unlock</name>
         <value>0x338</value>
         <object_component_ref idref="oc-3a"/>
      </symbol>
      <symbol id="sm-d6">
         <name>__args_main</name>
         <value>0x35c</value>
         <object_component_ref idref="oc-38"/>
      </symbol>
      <symbol id="sm-d7">
         <name>__TI_args_main</name>
         <value>0x1</value>
      </symbol>
      <symbol id="sm-ef">
         <name>__TI_auto_init</name>
         <value>0x180</value>
         <object_component_ref idref="oc-30"/>
      </symbol>
      <symbol id="sm-fe">
         <name>_copy_in</name>
         <value>0x2a0</value>
         <object_component_ref idref="oc-3b"/>
      </symbol>
   </symbol_table>
   <title>Link successful</title>
</link_info>
